
MariaDB [(none)]> SELECT * FROM mysql.user;
ERROR 1142 (42000): SELECT command denied to user 'sutoukai'@'localhost' for table `mysql`.`user`
MariaDB [(none)]> grant all privileges on test_db.* to sutoukai@localhost IDENTIFIED BY 'password';
ERROR 1044 (42000): Access denied for user 'sutoukai'@'localhost' to database 'test_db'
MariaDB [(none)]> exit
Bye

wacom@DESKTOP-H77UUA2 c:\xampp\mysql\bin
# mysql -u root -p
Enter password:
ERROR 1045 (28000): Access denied for user 'root'@'localhost' (using password: NO)

wacom@DESKTOP-H77UUA2 c:\xampp\mysql\bin
# mysql -u root -p
Enter password: ********
Welcome to the MariaDB monitor.  Commands end with ; or \g.
Your MariaDB connection id is 23
Server version: 10.4.28-MariaDB mariadb.org binary distribution

Copyright (c) 2000, 2018, Oracle, MariaDB Corporation Ab and others.

Type 'help;' or '\h' for help. Type '\c' to clear the current input statement.

MariaDB [(none)]> SELECT * FROM mysql.user;
+-----------+----------+-------------------------------------------+-------------+-------------+-------------+-------------+-------------+-----------+-------------+---------------+--------------+-----------+------------+-----------------+------------+------------+--------------+------------+-----------------------+------------------+--------------+-----------------+------------------+------------------+----------------+---------------------+--------------------+------------------+------------+--------------+------------------------+---------------------+----------+------------+-------------+--------------+---------------+-------------+-----------------+----------------------+-----------------------+-------------------------------------------+------------------+---------+--------------+--------------------+
| Host      | User     | Password                                  | Select_priv | Insert_priv | Update_priv | Delete_priv | Create_priv | Drop_priv | Reload_priv | Shutdown_priv | Process_priv | File_priv | Grant_priv | References_priv | Index_priv | Alter_priv | Show_db_priv | Super_priv | Create_tmp_table_priv | Lock_tables_priv | Execute_priv | Repl_slave_priv | Repl_client_priv | Create_view_priv | Show_view_priv | Create_routine_priv | Alter_routine_priv | Create_user_priv | Event_priv | Trigger_priv | Create_tablespace_priv | Delete_history_priv | ssl_type | ssl_cipher | x509_issuer | x509_subject | max_questions | max_updates | max_connections | max_user_connections | plugin                | authentication_string                     | password_expired | is_role | default_role | max_statement_time |
+-----------+----------+-------------------------------------------+-------------+-------------+-------------+-------------+-------------+-----------+-------------+---------------+--------------+-----------+------------+-----------------+------------+------------+--------------+------------+-----------------------+------------------+--------------+-----------------+------------------+------------------+----------------+---------------------+--------------------+------------------+------------+--------------+------------------------+---------------------+----------+------------+-------------+--------------+---------------+-------------+-----------------+----------------------+-----------------------+-------------------------------------------+------------------+---------+--------------+--------------------+
| localhost | root     | *1BF3116A5372A85B80F3769F62A5162B482C00EE | Y           | Y           | Y           | Y           | Y           | Y         | Y           | Y             | Y            | Y         | Y          | Y               | Y          | Y          | Y            | Y          | Y                     | Y                | Y            | Y               | Y                | Y                | Y              | Y                   | Y                  | Y                | Y          | Y            | Y                      | Y                   |          |            |             |              |             0 |           0 |               0 |                    0 | mysql_native_password | *1BF3116A5372A85B80F3769F62A5162B482C00EE | N                | N       |              |           0.000000 |
| localhost | sutoukai | *1BF3116A5372A85B80F3769F62A5162B482C00EE | N           | N           | N           | N           | N           | N         | N           | N             | N            | N         | N          | N               | N          | N          | N            | N          | N                     | N                | N            | N               | N                | N                | N              | N                   | N                  | N                | N          | N            | N                      | N                   |          |            |             |              |             0 |           0 |               0 |                    0 | mysql_native_password | *1BF3116A5372A85B80F3769F62A5162B482C00EE | N                | N       |              |           0.000000 |
| 127.0.0.1 | root     |                                           | Y           | Y           | Y           | Y           | Y           | Y         | Y           | Y             | Y            | Y         | Y          | Y               | Y          | Y          | Y            | Y          | Y                     | Y                | Y            | Y               | Y                | Y                | Y              | Y                   | Y                  | Y                | Y          | Y            | Y                      | Y                   |          |            |             |              |             0 |           0 |               0 |                    0 |                       |                                           | N                | N       |              |           0.000000 |
| ::1       | root     |                                           | Y           | Y           | Y           | Y           | Y           | Y         | Y           | Y             | Y            | Y         | Y          | Y               | Y          | Y          | Y            | Y          | Y                     | Y                | Y            | Y               | Y                | Y                | Y              | Y                   | Y                  | Y                | Y          | Y            | Y                      | Y                   |          |            |             |              |             0 |           0 |               0 |                    0 |                       |                                           | N                | N       |              |           0.000000 |
| localhost | pma      |                                           | N           | N           | N           | N           | N           | N         | N           | N             | N            | N         | N          | N               | N          | N          | N            | N          | N                     | N                | N            | N               | N                | N                | N              | N                   | N                  | N                | N          | N            | N                      | N                   |          |            |             |              |             0 |           0 |               0 |                    0 | mysql_native_password |                                           | N                | N       |              |           0.000000 |
+-----------+----------+-------------------------------------------+-------------+-------------+-------------+-------------+-------------+-----------+-------------+---------------+--------------+-----------+------------+-----------------+------------+------------+--------------+------------+-----------------------+------------------+--------------+-----------------+------------------+------------------+----------------+---------------------+--------------------+------------------+------------+--------------+------------------------+---------------------+----------+------------+-------------+--------------+---------------+-------------+-----------------+----------------------+-----------------------+-------------------------------------------+------------------+---------+--------------+--------------------+
5 rows in set (0.050 sec)

MariaDB [(none)]> SELECT Host, User, Password, authentication_string FROM mysql.user;
+-----------+----------+-------------------------------------------+-------------------------------------------+
| Host      | User     | Password                                  | authentication_string                     |
+-----------+----------+-------------------------------------------+-------------------------------------------+
| localhost | root     | *1BF3116A5372A85B80F3769F62A5162B482C00EE | *1BF3116A5372A85B80F3769F62A5162B482C00EE |
| localhost | sutoukai | *1BF3116A5372A85B80F3769F62A5162B482C00EE | *1BF3116A5372A85B80F3769F62A5162B482C00EE |
| 127.0.0.1 | root     |                                           |                                           |
| ::1       | root     |                                           |                                           |
| localhost | pma      |                                           |                                           |
+-----------+----------+-------------------------------------------+-------------------------------------------+
5 rows in set (0.001 sec)